// Jest Snapshot v1, https://goo.gl/fbAQLP

exports[`test Search Page debe de mostrarse correctamente con valores por defecto 1`] = `
<div>
  <div
    class=" row mt-2"
  >
    <div
      class="col-5"
    >
      <h4>
        Searching
      </h4>
      <hr />
      <form
        aria-label="form"
      >
        <input
          autocomplete="off"
          class="form-control"
          name="searchText"
          placeholder="Searc a hero"
          type="text"
          value=""
        />
        <button
          class="btn btr-outline-primary mt-2"
        >
          Search
        </button>
      </form>
    </div>
    <div
      class="col-7"
    >
      <h4>
        Results
      </h4>
      <hr />
      <div
        class="alert alert-primary animate__animated animate__fadeIn"
      >
        Search a hero
      </div>
      <div
        aria-label="displayNone"
        class="alert alert-danger animate__animated animate__fadeIn"
        style="display: none;"
      >
        There is not hero with 
        <b>
           
        </b>
      </div>
    </div>
  </div>
</div>
`;
